2025-06-23 22:15:22,062 [Worker-4: Loading available Gradle versions] INFO  o.e.b.c.i.u.g.PublishedGradleVersions - Gradle version information cache is not available. Remote download required.
2025-06-23 22:19:13,400 [Worker-5: Loading available Gradle versions] INFO  o.e.b.c.i.u.g.PublishedGradleVersions - Gradle version information cache is up-to-date. Trying to read.
2025-06-23 22:19:52,325 [Worker-2: Importing Maven projects] INFO  o.e.m.c.i.l.LifecycleMappingFactory - Using org.eclipse.m2e.jdt.JarLifecycleMapping lifecycle mapping for MavenProject: com.example:Email:0.0.1-SNAPSHOT @ C:\spring\workspace\sb01\Email\pom.xml.
2025-06-23 22:19:54,958 [Worker-2: Importing Maven projects] INFO  o.e.m.j.i.AbstractJavaProjectConfigurator - Adding source folder /Email/src/main/java
2025-06-23 22:19:54,965 [Worker-2: Importing Maven projects] INFO  o.e.m.j.i.AbstractJavaProjectConfigurator - Adding resource folder /Email/src/main/resources
2025-06-23 22:19:54,967 [Worker-2: Importing Maven projects] INFO  o.e.m.j.i.AbstractJavaProjectConfigurator - Adding resource folder /Email/src/main/resources
2025-06-23 22:19:54,969 [Worker-2: Importing Maven projects] INFO  o.e.m.j.i.AbstractJavaProjectConfigurator - Adding source folder /Email/src/test/java
2025-06-23 22:19:54,971 [Worker-2: Importing Maven projects] INFO  o.e.m.j.i.AbstractJavaProjectConfigurator - Adding resource folder /Email/src/test/resources
2025-06-23 22:19:55,597 [Worker-2: Importing Maven projects] INFO  o.e.m.c.i.p.ProjectConfigurationManager - Imported and configured 1 project(s) in 7 sec
2025-06-23 22:19:55,728 [Worker-6: Updating Maven Project] INFO  o.e.m.c.i.p.ProjectConfigurationManager - Update started
2025-06-23 22:19:56,636 [Worker-6: Updating Maven Project] INFO  o.e.m.c.i.l.LifecycleMappingFactory - Using org.eclipse.m2e.jdt.JarLifecycleMapping lifecycle mapping for MavenProject: com.example:Email:0.0.1-SNAPSHOT @ C:\spring\workspace\sb01\Email\pom.xml.
2025-06-23 22:19:57,987 [Worker-6: Updating Maven Project] INFO  o.e.m.j.i.AbstractJavaProjectConfigurator - Adding source folder /Email/src/main/java
2025-06-23 22:19:57,989 [Worker-6: Updating Maven Project] INFO  o.e.m.j.i.AbstractJavaProjectConfigurator - Adding resource folder /Email/src/main/resources
2025-06-23 22:19:57,991 [Worker-6: Updating Maven Project] INFO  o.e.m.j.i.AbstractJavaProjectConfigurator - Adding resource folder /Email/src/main/resources
2025-06-23 22:19:57,993 [Worker-6: Updating Maven Project] INFO  o.e.m.j.i.AbstractJavaProjectConfigurator - Adding source folder /Email/src/test/java
2025-06-23 22:19:57,994 [Worker-6: Updating Maven Project] INFO  o.e.m.j.i.AbstractJavaProjectConfigurator - Adding resource folder /Email/src/test/resources
2025-06-23 22:19:58,834 [Worker-6: Updating Maven Project] INFO  o.e.m.c.i.p.ProjectConfigurationManager - Update completed for 1 poms: local refresh takes 0.00 sec, refresh facades takes 2.00 sec, update config takes 0.00 sec 
2025-06-23 22:20:00,023 [Worker-3: Building] INFO  o.a.m.s.f.DefaultMavenResourcesFiltering - Copying 1 resource from src\main\resources to target\classes
2025-06-23 22:20:00,059 [Worker-3: Building] INFO  o.a.m.s.f.DefaultMavenResourcesFiltering - Copying 0 resource from src\main\resources to target\classes
2025-06-23 22:20:00,071 [Worker-3: Building] INFO  o.a.m.s.f.DefaultMavenResourcesFiltering - skip non existing resourceDirectory C:\spring\workspace\sb01\Email\src\test\resources
2025-06-23 22:23:55,634 [Worker-10: Building] INFO  o.a.m.s.f.DefaultMavenResourcesFiltering - Copying 0 resource from src\main\resources to target\classes
2025-06-23 22:23:55,635 [Worker-10: Building] INFO  o.a.m.s.f.DefaultMavenResourcesFiltering - Copying 0 resource from src\main\resources to target\classes
2025-06-23 22:23:55,638 [Worker-10: Building] INFO  o.a.m.s.f.DefaultMavenResourcesFiltering - skip non existing resourceDirectory C:\spring\workspace\sb01\Email\src\test\resources
2025-06-23 22:39:50,805 [Worker-15: Building] INFO  o.a.m.s.f.DefaultMavenResourcesFiltering - Copying 0 resource from src\main\resources to target\classes
2025-06-23 22:39:50,806 [Worker-15: Building] INFO  o.a.m.s.f.DefaultMavenResourcesFiltering - Copying 0 resource from src\main\resources to target\classes
2025-06-23 22:39:50,809 [Worker-15: Building] INFO  o.a.m.s.f.DefaultMavenResourcesFiltering - skip non existing resourceDirectory C:\spring\workspace\sb01\Email\src\test\resources
2025-06-23 23:02:15,634 [Worker-12: Building] INFO  o.a.m.s.f.DefaultMavenResourcesFiltering - Copying 0 resource from src\main\resources to target\classes
2025-06-23 23:02:15,635 [Worker-12: Building] INFO  o.a.m.s.f.DefaultMavenResourcesFiltering - Copying 0 resource from src\main\resources to target\classes
2025-06-23 23:02:15,638 [Worker-12: Building] INFO  o.a.m.s.f.DefaultMavenResourcesFiltering - skip non existing resourceDirectory C:\spring\workspace\sb01\Email\src\test\resources
2025-06-23 23:12:36,703 [Worker-16: Building] INFO  o.a.m.s.f.DefaultMavenResourcesFiltering - Copying 0 resource from src\main\resources to target\classes
2025-06-23 23:12:36,704 [Worker-16: Building] INFO  o.a.m.s.f.DefaultMavenResourcesFiltering - Copying 0 resource from src\main\resources to target\classes
2025-06-23 23:12:36,707 [Worker-16: Building] INFO  o.a.m.s.f.DefaultMavenResourcesFiltering - skip non existing resourceDirectory C:\spring\workspace\sb01\Email\src\test\resources
2025-06-23 23:12:44,666 [Worker-17: Launching Executing clean in C__spring_workspace_sb01_Email] INFO  o.eclipse.m2e.core.internal.Bundles - getClasspathEntries(Bundle=org.eclipse.m2e.maven.runtime_3.9.900.20240824-1409 [364])
2025-06-23 23:12:44,668 [Worker-17: Launching Executing clean in C__spring_workspace_sb01_Email] INFO  o.eclipse.m2e.core.internal.Bundles - 	Entry: C:\spring\sts-4.28.0.RELEASE\plugins\org.eclipse.m2e.maven.runtime_3.9.900.20240824-1409
2025-06-23 23:12:44,669 [Worker-17: Launching Executing clean in C__spring_workspace_sb01_Email] INFO  o.eclipse.m2e.core.internal.Bundles - 	Entry: C:\spring\sts-4.28.0.RELEASE\plugins\org.eclipse.m2e.maven.runtime_3.9.900.20240824-1409\jars\aopalliance-1.0.jar
2025-06-23 23:12:44,669 [Worker-17: Launching Executing clean in C__spring_workspace_sb01_Email] INFO  o.eclipse.m2e.core.internal.Bundles - 	Entry: C:\spring\sts-4.28.0.RELEASE\plugins\org.eclipse.m2e.maven.runtime_3.9.900.20240824-1409\jars\guice-5.1.0.jar
2025-06-23 23:12:44,669 [Worker-17: Launching Executing clean in C__spring_workspace_sb01_Email] INFO  o.eclipse.m2e.core.internal.Bundles - 	Entry: C:\spring\sts-4.28.0.RELEASE\plugins\org.eclipse.m2e.maven.runtime_3.9.900.20240824-1409\jars\httpclient-4.5.14.jar
2025-06-23 23:12:44,669 [Worker-17: Launching Executing clean in C__spring_workspace_sb01_Email] INFO  o.eclipse.m2e.core.internal.Bundles - 	Entry: C:\spring\sts-4.28.0.RELEASE\plugins\org.eclipse.m2e.maven.runtime_3.9.900.20240824-1409\jars\httpcore-4.4.16.jar
2025-06-23 23:12:44,669 [Worker-17: Launching Executing clean in C__spring_workspace_sb01_Email] INFO  o.eclipse.m2e.core.internal.Bundles - 	Entry: C:\spring\sts-4.28.0.RELEASE\plugins\org.eclipse.m2e.maven.runtime_3.9.900.20240824-1409\jars\jansi-2.4.1.jar
2025-06-23 23:12:44,669 [Worker-17: Launching Executing clean in C__spring_workspace_sb01_Email] INFO  o.eclipse.m2e.core.internal.Bundles - 	Entry: C:\spring\sts-4.28.0.RELEASE\plugins\org.eclipse.m2e.maven.runtime_3.9.900.20240824-1409\jars\jcl-over-slf4j-1.7.36.jar
2025-06-23 23:12:44,669 [Worker-17: Launching Executing clean in C__spring_workspace_sb01_Email] INFO  o.eclipse.m2e.core.internal.Bundles - 	Entry: C:\spring\sts-4.28.0.RELEASE\plugins\org.eclipse.m2e.maven.runtime_3.9.900.20240824-1409\jars\maven-artifact-3.9.9.jar
2025-06-23 23:12:44,670 [Worker-17: Launching Executing clean in C__spring_workspace_sb01_Email] INFO  o.eclipse.m2e.core.internal.Bundles - 	Entry: C:\spring\sts-4.28.0.RELEASE\plugins\org.eclipse.m2e.maven.runtime_3.9.900.20240824-1409\jars\maven-builder-support-3.9.9.jar
2025-06-23 23:12:44,670 [Worker-17: Launching Executing clean in C__spring_workspace_sb01_Email] INFO  o.eclipse.m2e.core.internal.Bundles - 	Entry: C:\spring\sts-4.28.0.RELEASE\plugins\org.eclipse.m2e.maven.runtime_3.9.900.20240824-1409\jars\maven-compat-3.9.9.jar
2025-06-23 23:12:44,670 [Worker-17: Launching Executing clean in C__spring_workspace_sb01_Email] INFO  o.eclipse.m2e.core.internal.Bundles - 	Entry: C:\spring\sts-4.28.0.RELEASE\plugins\org.eclipse.m2e.maven.runtime_3.9.900.20240824-1409\jars\maven-core-3.9.9.jar
2025-06-23 23:12:44,670 [Worker-17: Launching Executing clean in C__spring_workspace_sb01_Email] INFO  o.eclipse.m2e.core.internal.Bundles - 	Entry: C:\spring\sts-4.28.0.RELEASE\plugins\org.eclipse.m2e.maven.runtime_3.9.900.20240824-1409\jars\maven-embedder-3.9.9.jar
2025-06-23 23:12:44,670 [Worker-17: Launching Executing clean in C__spring_workspace_sb01_Email] INFO  o.eclipse.m2e.core.internal.Bundles - 	Entry: C:\spring\sts-4.28.0.RELEASE\plugins\org.eclipse.m2e.maven.runtime_3.9.900.20240824-1409\jars\maven-model-3.9.9.jar
2025-06-23 23:12:44,670 [Worker-17: Launching Executing clean in C__spring_workspace_sb01_Email] INFO  o.eclipse.m2e.core.internal.Bundles - 	Entry: C:\spring\sts-4.28.0.RELEASE\plugins\org.eclipse.m2e.maven.runtime_3.9.900.20240824-1409\jars\maven-model-builder-3.9.9.jar
2025-06-23 23:12:44,670 [Worker-17: Launching Executing clean in C__spring_workspace_sb01_Email] INFO  o.eclipse.m2e.core.internal.Bundles - 	Entry: C:\spring\sts-4.28.0.RELEASE\plugins\org.eclipse.m2e.maven.runtime_3.9.900.20240824-1409\jars\maven-plugin-api-3.9.9.jar
2025-06-23 23:12:44,670 [Worker-17: Launching Executing clean in C__spring_workspace_sb01_Email] INFO  o.eclipse.m2e.core.internal.Bundles - 	Entry: C:\spring\sts-4.28.0.RELEASE\plugins\org.eclipse.m2e.maven.runtime_3.9.900.20240824-1409\jars\maven-repository-metadata-3.9.9.jar
2025-06-23 23:12:44,671 [Worker-17: Launching Executing clean in C__spring_workspace_sb01_Email] INFO  o.eclipse.m2e.core.internal.Bundles - 	Entry: C:\spring\sts-4.28.0.RELEASE\plugins\org.eclipse.m2e.maven.runtime_3.9.900.20240824-1409\jars\maven-resolver-api-1.9.22.jar
2025-06-23 23:12:44,671 [Worker-17: Launching Executing clean in C__spring_workspace_sb01_Email] INFO  o.eclipse.m2e.core.internal.Bundles - 	Entry: C:\spring\sts-4.28.0.RELEASE\plugins\org.eclipse.m2e.maven.runtime_3.9.900.20240824-1409\jars\maven-resolver-connector-basic-1.9.22.jar
2025-06-23 23:12:44,671 [Worker-17: Launching Executing clean in C__spring_workspace_sb01_Email] INFO  o.eclipse.m2e.core.internal.Bundles - 	Entry: C:\spring\sts-4.28.0.RELEASE\plugins\org.eclipse.m2e.maven.runtime_3.9.900.20240824-1409\jars\maven-resolver-impl-1.9.22.jar
2025-06-23 23:12:44,671 [Worker-17: Launching Executing clean in C__spring_workspace_sb01_Email] INFO  o.eclipse.m2e.core.internal.Bundles - 	Entry: C:\spring\sts-4.28.0.RELEASE\plugins\org.eclipse.m2e.maven.runtime_3.9.900.20240824-1409\jars\maven-resolver-named-locks-1.9.22.jar
2025-06-23 23:12:44,671 [Worker-17: Launching Executing clean in C__spring_workspace_sb01_Email] INFO  o.eclipse.m2e.core.internal.Bundles - 	Entry: C:\spring\sts-4.28.0.RELEASE\plugins\org.eclipse.m2e.maven.runtime_3.9.900.20240824-1409\jars\maven-resolver-provider-3.9.9.jar
2025-06-23 23:12:44,671 [Worker-17: Launching Executing clean in C__spring_workspace_sb01_Email] INFO  o.eclipse.m2e.core.internal.Bundles - 	Entry: C:\spring\sts-4.28.0.RELEASE\plugins\org.eclipse.m2e.maven.runtime_3.9.900.20240824-1409\jars\maven-resolver-spi-1.9.22.jar
2025-06-23 23:12:44,671 [Worker-17: Launching Executing clean in C__spring_workspace_sb01_Email] INFO  o.eclipse.m2e.core.internal.Bundles - 	Entry: C:\spring\sts-4.28.0.RELEASE\plugins\org.eclipse.m2e.maven.runtime_3.9.900.20240824-1409\jars\maven-resolver-transport-file-1.9.22.jar
2025-06-23 23:12:44,671 [Worker-17: Launching Executing clean in C__spring_workspace_sb01_Email] INFO  o.eclipse.m2e.core.internal.Bundles - 	Entry: C:\spring\sts-4.28.0.RELEASE\plugins\org.eclipse.m2e.maven.runtime_3.9.900.20240824-1409\jars\maven-resolver-transport-http-1.9.22.jar
2025-06-23 23:12:44,672 [Worker-17: Launching Executing clean in C__spring_workspace_sb01_Email] INFO  o.eclipse.m2e.core.internal.Bundles - 	Entry: C:\spring\sts-4.28.0.RELEASE\plugins\org.eclipse.m2e.maven.runtime_3.9.900.20240824-1409\jars\maven-resolver-transport-wagon-1.9.22.jar
2025-06-23 23:12:44,672 [Worker-17: Launching Executing clean in C__spring_workspace_sb01_Email] INFO  o.eclipse.m2e.core.internal.Bundles - 	Entry: C:\spring\sts-4.28.0.RELEASE\plugins\org.eclipse.m2e.maven.runtime_3.9.900.20240824-1409\jars\maven-resolver-util-1.9.22.jar
2025-06-23 23:12:44,672 [Worker-17: Launching Executing clean in C__spring_workspace_sb01_Email] INFO  o.eclipse.m2e.core.internal.Bundles - 	Entry: C:\spring\sts-4.28.0.RELEASE\plugins\org.eclipse.m2e.maven.runtime_3.9.900.20240824-1409\jars\maven-settings-3.9.9.jar
2025-06-23 23:12:44,672 [Worker-17: Launching Executing clean in C__spring_workspace_sb01_Email] INFO  o.eclipse.m2e.core.internal.Bundles - 	Entry: C:\spring\sts-4.28.0.RELEASE\plugins\org.eclipse.m2e.maven.runtime_3.9.900.20240824-1409\jars\maven-settings-builder-3.9.9.jar
2025-06-23 23:12:44,672 [Worker-17: Launching Executing clean in C__spring_workspace_sb01_Email] INFO  o.eclipse.m2e.core.internal.Bundles - 	Entry: C:\spring\sts-4.28.0.RELEASE\plugins\org.eclipse.m2e.maven.runtime_3.9.900.20240824-1409\jars\maven-shared-utils-3.4.2.jar
2025-06-23 23:12:44,672 [Worker-17: Launching Executing clean in C__spring_workspace_sb01_Email] INFO  o.eclipse.m2e.core.internal.Bundles - 	Entry: C:\spring\sts-4.28.0.RELEASE\plugins\org.eclipse.m2e.maven.runtime_3.9.900.20240824-1409\jars\org.eclipse.sisu.inject-0.9.0.M3.jar
2025-06-23 23:12:44,672 [Worker-17: Launching Executing clean in C__spring_workspace_sb01_Email] INFO  o.eclipse.m2e.core.internal.Bundles - 	Entry: C:\spring\sts-4.28.0.RELEASE\plugins\org.eclipse.m2e.maven.runtime_3.9.900.20240824-1409\jars\org.eclipse.sisu.plexus-0.9.0.M3.jar
2025-06-23 23:12:44,672 [Worker-17: Launching Executing clean in C__spring_workspace_sb01_Email] INFO  o.eclipse.m2e.core.internal.Bundles - 	Entry: C:\spring\sts-4.28.0.RELEASE\plugins\org.eclipse.m2e.maven.runtime_3.9.900.20240824-1409\jars\plexus-build-api-0.0.7.jar
2025-06-23 23:12:44,672 [Worker-17: Launching Executing clean in C__spring_workspace_sb01_Email] INFO  o.eclipse.m2e.core.internal.Bundles - 	Entry: C:\spring\sts-4.28.0.RELEASE\plugins\org.eclipse.m2e.maven.runtime_3.9.900.20240824-1409\jars\plexus-build-api-1.2.0.jar
2025-06-23 23:12:44,673 [Worker-17: Launching Executing clean in C__spring_workspace_sb01_Email] INFO  o.eclipse.m2e.core.internal.Bundles - 	Entry: C:\spring\sts-4.28.0.RELEASE\plugins\org.eclipse.m2e.maven.runtime_3.9.900.20240824-1409\jars\plexus-cipher-2.0.jar
2025-06-23 23:12:44,673 [Worker-17: Launching Executing clean in C__spring_workspace_sb01_Email] INFO  o.eclipse.m2e.core.internal.Bundles - 	Entry: C:\spring\sts-4.28.0.RELEASE\plugins\org.eclipse.m2e.maven.runtime_3.9.900.20240824-1409\jars\plexus-classworlds-2.8.0.jar
2025-06-23 23:12:44,673 [Worker-17: Launching Executing clean in C__spring_workspace_sb01_Email] INFO  o.eclipse.m2e.core.internal.Bundles - 	Entry: C:\spring\sts-4.28.0.RELEASE\plugins\org.eclipse.m2e.maven.runtime_3.9.900.20240824-1409\jars\plexus-component-annotations-2.1.0.jar
2025-06-23 23:12:44,673 [Worker-17: Launching Executing clean in C__spring_workspace_sb01_Email] INFO  o.eclipse.m2e.core.internal.Bundles - 	Entry: C:\spring\sts-4.28.0.RELEASE\plugins\org.eclipse.m2e.maven.runtime_3.9.900.20240824-1409\jars\plexus-interpolation-1.27.jar
2025-06-23 23:12:44,673 [Worker-17: Launching Executing clean in C__spring_workspace_sb01_Email] INFO  o.eclipse.m2e.core.internal.Bundles - 	Entry: C:\spring\sts-4.28.0.RELEASE\plugins\org.eclipse.m2e.maven.runtime_3.9.900.20240824-1409\jars\plexus-sec-dispatcher-2.0.jar
2025-06-23 23:12:44,673 [Worker-17: Launching Executing clean in C__spring_workspace_sb01_Email] INFO  o.eclipse.m2e.core.internal.Bundles - 	Entry: C:\spring\sts-4.28.0.RELEASE\plugins\org.eclipse.m2e.maven.runtime_3.9.900.20240824-1409\jars\plexus-utils-3.5.1.jar
2025-06-23 23:12:44,673 [Worker-17: Launching Executing clean in C__spring_workspace_sb01_Email] INFO  o.eclipse.m2e.core.internal.Bundles - 	Entry: C:\spring\sts-4.28.0.RELEASE\plugins\org.eclipse.m2e.maven.runtime_3.9.900.20240824-1409\jars\plexus-xml-3.0.1.jar
2025-06-23 23:12:44,674 [Worker-17: Launching Executing clean in C__spring_workspace_sb01_Email] INFO  o.eclipse.m2e.core.internal.Bundles - 	Entry: C:\spring\sts-4.28.0.RELEASE\plugins\org.eclipse.m2e.maven.runtime_3.9.900.20240824-1409\jars\wagon-file-3.5.3.jar
2025-06-23 23:12:44,674 [Worker-17: Launching Executing clean in C__spring_workspace_sb01_Email] INFO  o.eclipse.m2e.core.internal.Bundles - 	Entry: C:\spring\sts-4.28.0.RELEASE\plugins\org.eclipse.m2e.maven.runtime_3.9.900.20240824-1409\jars\wagon-http-3.5.3.jar
2025-06-23 23:12:44,674 [Worker-17: Launching Executing clean in C__spring_workspace_sb01_Email] INFO  o.eclipse.m2e.core.internal.Bundles - 	Entry: C:\spring\sts-4.28.0.RELEASE\plugins\org.eclipse.m2e.maven.runtime_3.9.900.20240824-1409\jars\wagon-http-shared-3.5.3.jar
2025-06-23 23:12:44,675 [Worker-17: Launching Executing clean in C__spring_workspace_sb01_Email] INFO  o.eclipse.m2e.core.internal.Bundles - 	Entry: C:\spring\sts-4.28.0.RELEASE\plugins\org.eclipse.m2e.maven.runtime_3.9.900.20240824-1409\jars\wagon-provider-api-3.5.3.jar
2025-06-23 23:12:44,676 [Worker-17: Launching Executing clean in C__spring_workspace_sb01_Email] INFO  o.eclipse.m2e.core.internal.Bundles - getClasspathEntries(Bundle=com.google.guava_33.3.1.jre [29])
2025-06-23 23:12:44,677 [Worker-17: Launching Executing clean in C__spring_workspace_sb01_Email] INFO  o.eclipse.m2e.core.internal.Bundles - 	Entry: C:\spring\sts-4.28.0.RELEASE\plugins\com.google.guava_33.3.1.jre.jar
2025-06-23 23:12:44,677 [Worker-17: Launching Executing clean in C__spring_workspace_sb01_Email] INFO  o.eclipse.m2e.core.internal.Bundles - getClasspathEntries(Bundle=slf4j.api_2.0.16 [615])
2025-06-23 23:12:44,677 [Worker-17: Launching Executing clean in C__spring_workspace_sb01_Email] INFO  o.eclipse.m2e.core.internal.Bundles - 	Entry: C:\spring\sts-4.28.0.RELEASE\plugins\slf4j.api_2.0.16.jar
2025-06-23 23:12:44,677 [Worker-17: Launching Executing clean in C__spring_workspace_sb01_Email] INFO  o.eclipse.m2e.core.internal.Bundles - getClasspathEntries(Bundle=jakarta.inject.jakarta.inject-api_1.0.5 [45])
2025-06-23 23:12:44,677 [Worker-17: Launching Executing clean in C__spring_workspace_sb01_Email] INFO  o.eclipse.m2e.core.internal.Bundles - 	Entry: C:\spring\sts-4.28.0.RELEASE\plugins\jakarta.inject.jakarta.inject-api_1.0.5.jar
2025-06-23 23:12:44,677 [Worker-17: Launching Executing clean in C__spring_workspace_sb01_Email] INFO  o.eclipse.m2e.core.internal.Bundles - getClasspathEntries(Bundle=jakarta.annotation-api_1.3.5 [41])
2025-06-23 23:12:44,677 [Worker-17: Launching Executing clean in C__spring_workspace_sb01_Email] INFO  o.eclipse.m2e.core.internal.Bundles - 	Entry: C:\spring\sts-4.28.0.RELEASE\plugins\jakarta.annotation-api_1.3.5.jar
2025-06-23 23:12:44,677 [Worker-17: Launching Executing clean in C__spring_workspace_sb01_Email] INFO  o.eclipse.m2e.core.internal.Bundles - getClasspathEntries(Bundle=org.apache.commons.cli_1.9.0 [78])
2025-06-23 23:12:44,677 [Worker-17: Launching Executing clean in C__spring_workspace_sb01_Email] INFO  o.eclipse.m2e.core.internal.Bundles - 	Entry: C:\spring\sts-4.28.0.RELEASE\plugins\org.apache.commons.cli_1.9.0.jar
2025-06-23 23:12:44,677 [Worker-17: Launching Executing clean in C__spring_workspace_sb01_Email] INFO  o.eclipse.m2e.core.internal.Bundles - getClasspathEntries(Bundle=org.apache.commons.commons-codec_1.16.0 [81])
2025-06-23 23:12:44,678 [Worker-17: Launching Executing clean in C__spring_workspace_sb01_Email] INFO  o.eclipse.m2e.core.internal.Bundles - 	Entry: C:\spring\sts-4.28.0.RELEASE\plugins\org.apache.commons.commons-codec_1.16.0.jar
2025-06-23 23:12:44,678 [Worker-17: Launching Executing clean in C__spring_workspace_sb01_Email] INFO  o.eclipse.m2e.core.internal.Bundles - getClasspathEntries(Bundle=com.google.guava.failureaccess_1.0.2 [30])
2025-06-23 23:12:44,678 [Worker-17: Launching Executing clean in C__spring_workspace_sb01_Email] INFO  o.eclipse.m2e.core.internal.Bundles - 	Entry: C:\spring\sts-4.28.0.RELEASE\plugins\com.google.guava.failureaccess_1.0.2.jar
2025-06-23 23:12:44,691 [Worker-17: Launching Executing clean in C__spring_workspace_sb01_Email] INFO  o.e.m.i.launch.MavenLaunchDelegate - Run build in "C:\spring\workspace\sb01\Email":
2025-06-23 23:12:44,701 [Worker-17: Launching Executing clean in C__spring_workspace_sb01_Email] INFO  o.e.m.i.launch.MavenLaunchDelegate -  mvn  -B -Dstyle.color=always clean
2025-06-23 23:12:55,761 [Worker-18: Building] INFO  o.a.m.s.f.DefaultMavenResourcesFiltering - Copying 1 resource from src\main\resources to target\classes
2025-06-23 23:12:55,764 [Worker-18: Building] INFO  o.a.m.s.f.DefaultMavenResourcesFiltering - Copying 0 resource from src\main\resources to target\classes
2025-06-23 23:12:55,767 [Worker-18: Building] INFO  o.a.m.s.f.DefaultMavenResourcesFiltering - skip non existing resourceDirectory C:\spring\workspace\sb01\Email\src\test\resources
2025-06-23 23:13:05,777 [Worker-12: Launching Executing install in C__spring_workspace_sb01_Email] INFO  o.eclipse.m2e.core.internal.Bundles - getClasspathEntries(Bundle=org.eclipse.m2e.maven.runtime_3.9.900.20240824-1409 [364])
2025-06-23 23:13:05,777 [Worker-12: Launching Executing install in C__spring_workspace_sb01_Email] INFO  o.eclipse.m2e.core.internal.Bundles - 	Entry: C:\spring\sts-4.28.0.RELEASE\plugins\org.eclipse.m2e.maven.runtime_3.9.900.20240824-1409
2025-06-23 23:13:05,778 [Worker-12: Launching Executing install in C__spring_workspace_sb01_Email] INFO  o.eclipse.m2e.core.internal.Bundles - 	Entry: C:\spring\sts-4.28.0.RELEASE\plugins\org.eclipse.m2e.maven.runtime_3.9.900.20240824-1409\jars\aopalliance-1.0.jar
2025-06-23 23:13:05,778 [Worker-12: Launching Executing install in C__spring_workspace_sb01_Email] INFO  o.eclipse.m2e.core.internal.Bundles - 	Entry: C:\spring\sts-4.28.0.RELEASE\plugins\org.eclipse.m2e.maven.runtime_3.9.900.20240824-1409\jars\guice-5.1.0.jar
2025-06-23 23:13:05,778 [Worker-12: Launching Executing install in C__spring_workspace_sb01_Email] INFO  o.eclipse.m2e.core.internal.Bundles - 	Entry: C:\spring\sts-4.28.0.RELEASE\plugins\org.eclipse.m2e.maven.runtime_3.9.900.20240824-1409\jars\httpclient-4.5.14.jar
2025-06-23 23:13:05,778 [Worker-12: Launching Executing install in C__spring_workspace_sb01_Email] INFO  o.eclipse.m2e.core.internal.Bundles - 	Entry: C:\spring\sts-4.28.0.RELEASE\plugins\org.eclipse.m2e.maven.runtime_3.9.900.20240824-1409\jars\httpcore-4.4.16.jar
2025-06-23 23:13:05,778 [Worker-12: Launching Executing install in C__spring_workspace_sb01_Email] INFO  o.eclipse.m2e.core.internal.Bundles - 	Entry: C:\spring\sts-4.28.0.RELEASE\plugins\org.eclipse.m2e.maven.runtime_3.9.900.20240824-1409\jars\jansi-2.4.1.jar
2025-06-23 23:13:05,778 [Worker-12: Launching Executing install in C__spring_workspace_sb01_Email] INFO  o.eclipse.m2e.core.internal.Bundles - 	Entry: C:\spring\sts-4.28.0.RELEASE\plugins\org.eclipse.m2e.maven.runtime_3.9.900.20240824-1409\jars\jcl-over-slf4j-1.7.36.jar
2025-06-23 23:13:05,778 [Worker-12: Launching Executing install in C__spring_workspace_sb01_Email] INFO  o.eclipse.m2e.core.internal.Bundles - 	Entry: C:\spring\sts-4.28.0.RELEASE\plugins\org.eclipse.m2e.maven.runtime_3.9.900.20240824-1409\jars\maven-artifact-3.9.9.jar
2025-06-23 23:13:05,779 [Worker-12: Launching Executing install in C__spring_workspace_sb01_Email] INFO  o.eclipse.m2e.core.internal.Bundles - 	Entry: C:\spring\sts-4.28.0.RELEASE\plugins\org.eclipse.m2e.maven.runtime_3.9.900.20240824-1409\jars\maven-builder-support-3.9.9.jar
2025-06-23 23:13:05,779 [Worker-12: Launching Executing install in C__spring_workspace_sb01_Email] INFO  o.eclipse.m2e.core.internal.Bundles - 	Entry: C:\spring\sts-4.28.0.RELEASE\plugins\org.eclipse.m2e.maven.runtime_3.9.900.20240824-1409\jars\maven-compat-3.9.9.jar
2025-06-23 23:13:05,779 [Worker-12: Launching Executing install in C__spring_workspace_sb01_Email] INFO  o.eclipse.m2e.core.internal.Bundles - 	Entry: C:\spring\sts-4.28.0.RELEASE\plugins\org.eclipse.m2e.maven.runtime_3.9.900.20240824-1409\jars\maven-core-3.9.9.jar
2025-06-23 23:13:05,779 [Worker-12: Launching Executing install in C__spring_workspace_sb01_Email] INFO  o.eclipse.m2e.core.internal.Bundles - 	Entry: C:\spring\sts-4.28.0.RELEASE\plugins\org.eclipse.m2e.maven.runtime_3.9.900.20240824-1409\jars\maven-embedder-3.9.9.jar
2025-06-23 23:13:05,779 [Worker-12: Launching Executing install in C__spring_workspace_sb01_Email] INFO  o.eclipse.m2e.core.internal.Bundles - 	Entry: C:\spring\sts-4.28.0.RELEASE\plugins\org.eclipse.m2e.maven.runtime_3.9.900.20240824-1409\jars\maven-model-3.9.9.jar
2025-06-23 23:13:05,779 [Worker-12: Launching Executing install in C__spring_workspace_sb01_Email] INFO  o.eclipse.m2e.core.internal.Bundles - 	Entry: C:\spring\sts-4.28.0.RELEASE\plugins\org.eclipse.m2e.maven.runtime_3.9.900.20240824-1409\jars\maven-model-builder-3.9.9.jar
2025-06-23 23:13:05,779 [Worker-12: Launching Executing install in C__spring_workspace_sb01_Email] INFO  o.eclipse.m2e.core.internal.Bundles - 	Entry: C:\spring\sts-4.28.0.RELEASE\plugins\org.eclipse.m2e.maven.runtime_3.9.900.20240824-1409\jars\maven-plugin-api-3.9.9.jar
2025-06-23 23:13:05,779 [Worker-12: Launching Executing install in C__spring_workspace_sb01_Email] INFO  o.eclipse.m2e.core.internal.Bundles - 	Entry: C:\spring\sts-4.28.0.RELEASE\plugins\org.eclipse.m2e.maven.runtime_3.9.900.20240824-1409\jars\maven-repository-metadata-3.9.9.jar
2025-06-23 23:13:05,779 [Worker-12: Launching Executing install in C__spring_workspace_sb01_Email] INFO  o.eclipse.m2e.core.internal.Bundles - 	Entry: C:\spring\sts-4.28.0.RELEASE\plugins\org.eclipse.m2e.maven.runtime_3.9.900.20240824-1409\jars\maven-resolver-api-1.9.22.jar
2025-06-23 23:13:05,780 [Worker-12: Launching Executing install in C__spring_workspace_sb01_Email] INFO  o.eclipse.m2e.core.internal.Bundles - 	Entry: C:\spring\sts-4.28.0.RELEASE\plugins\org.eclipse.m2e.maven.runtime_3.9.900.20240824-1409\jars\maven-resolver-connector-basic-1.9.22.jar
2025-06-23 23:13:05,780 [Worker-12: Launching Executing install in C__spring_workspace_sb01_Email] INFO  o.eclipse.m2e.core.internal.Bundles - 	Entry: C:\spring\sts-4.28.0.RELEASE\plugins\org.eclipse.m2e.maven.runtime_3.9.900.20240824-1409\jars\maven-resolver-impl-1.9.22.jar
2025-06-23 23:13:05,780 [Worker-12: Launching Executing install in C__spring_workspace_sb01_Email] INFO  o.eclipse.m2e.core.internal.Bundles - 	Entry: C:\spring\sts-4.28.0.RELEASE\plugins\org.eclipse.m2e.maven.runtime_3.9.900.20240824-1409\jars\maven-resolver-named-locks-1.9.22.jar
2025-06-23 23:13:05,780 [Worker-12: Launching Executing install in C__spring_workspace_sb01_Email] INFO  o.eclipse.m2e.core.internal.Bundles - 	Entry: C:\spring\sts-4.28.0.RELEASE\plugins\org.eclipse.m2e.maven.runtime_3.9.900.20240824-1409\jars\maven-resolver-provider-3.9.9.jar
2025-06-23 23:13:05,780 [Worker-12: Launching Executing install in C__spring_workspace_sb01_Email] INFO  o.eclipse.m2e.core.internal.Bundles - 	Entry: C:\spring\sts-4.28.0.RELEASE\plugins\org.eclipse.m2e.maven.runtime_3.9.900.20240824-1409\jars\maven-resolver-spi-1.9.22.jar
2025-06-23 23:13:05,780 [Worker-12: Launching Executing install in C__spring_workspace_sb01_Email] INFO  o.eclipse.m2e.core.internal.Bundles - 	Entry: C:\spring\sts-4.28.0.RELEASE\plugins\org.eclipse.m2e.maven.runtime_3.9.900.20240824-1409\jars\maven-resolver-transport-file-1.9.22.jar
2025-06-23 23:13:05,780 [Worker-12: Launching Executing install in C__spring_workspace_sb01_Email] INFO  o.eclipse.m2e.core.internal.Bundles - 	Entry: C:\spring\sts-4.28.0.RELEASE\plugins\org.eclipse.m2e.maven.runtime_3.9.900.20240824-1409\jars\maven-resolver-transport-http-1.9.22.jar
2025-06-23 23:13:05,780 [Worker-12: Launching Executing install in C__spring_workspace_sb01_Email] INFO  o.eclipse.m2e.core.internal.Bundles - 	Entry: C:\spring\sts-4.28.0.RELEASE\plugins\org.eclipse.m2e.maven.runtime_3.9.900.20240824-1409\jars\maven-resolver-transport-wagon-1.9.22.jar
2025-06-23 23:13:05,780 [Worker-12: Launching Executing install in C__spring_workspace_sb01_Email] INFO  o.eclipse.m2e.core.internal.Bundles - 	Entry: C:\spring\sts-4.28.0.RELEASE\plugins\org.eclipse.m2e.maven.runtime_3.9.900.20240824-1409\jars\maven-resolver-util-1.9.22.jar
2025-06-23 23:13:05,781 [Worker-12: Launching Executing install in C__spring_workspace_sb01_Email] INFO  o.eclipse.m2e.core.internal.Bundles - 	Entry: C:\spring\sts-4.28.0.RELEASE\plugins\org.eclipse.m2e.maven.runtime_3.9.900.20240824-1409\jars\maven-settings-3.9.9.jar
2025-06-23 23:13:05,781 [Worker-12: Launching Executing install in C__spring_workspace_sb01_Email] INFO  o.eclipse.m2e.core.internal.Bundles - 	Entry: C:\spring\sts-4.28.0.RELEASE\plugins\org.eclipse.m2e.maven.runtime_3.9.900.20240824-1409\jars\maven-settings-builder-3.9.9.jar
2025-06-23 23:13:05,782 [Worker-12: Launching Executing install in C__spring_workspace_sb01_Email] INFO  o.eclipse.m2e.core.internal.Bundles - 	Entry: C:\spring\sts-4.28.0.RELEASE\plugins\org.eclipse.m2e.maven.runtime_3.9.900.20240824-1409\jars\maven-shared-utils-3.4.2.jar
2025-06-23 23:13:05,782 [Worker-12: Launching Executing install in C__spring_workspace_sb01_Email] INFO  o.eclipse.m2e.core.internal.Bundles - 	Entry: C:\spring\sts-4.28.0.RELEASE\plugins\org.eclipse.m2e.maven.runtime_3.9.900.20240824-1409\jars\org.eclipse.sisu.inject-0.9.0.M3.jar
2025-06-23 23:13:05,783 [Worker-12: Launching Executing install in C__spring_workspace_sb01_Email] INFO  o.eclipse.m2e.core.internal.Bundles - 	Entry: C:\spring\sts-4.28.0.RELEASE\plugins\org.eclipse.m2e.maven.runtime_3.9.900.20240824-1409\jars\org.eclipse.sisu.plexus-0.9.0.M3.jar
2025-06-23 23:13:05,783 [Worker-12: Launching Executing install in C__spring_workspace_sb01_Email] INFO  o.eclipse.m2e.core.internal.Bundles - 	Entry: C:\spring\sts-4.28.0.RELEASE\plugins\org.eclipse.m2e.maven.runtime_3.9.900.20240824-1409\jars\plexus-build-api-0.0.7.jar
2025-06-23 23:13:05,783 [Worker-12: Launching Executing install in C__spring_workspace_sb01_Email] INFO  o.eclipse.m2e.core.internal.Bundles - 	Entry: C:\spring\sts-4.28.0.RELEASE\plugins\org.eclipse.m2e.maven.runtime_3.9.900.20240824-1409\jars\plexus-build-api-1.2.0.jar
2025-06-23 23:13:05,784 [Worker-12: Launching Executing install in C__spring_workspace_sb01_Email] INFO  o.eclipse.m2e.core.internal.Bundles - 	Entry: C:\spring\sts-4.28.0.RELEASE\plugins\org.eclipse.m2e.maven.runtime_3.9.900.20240824-1409\jars\plexus-cipher-2.0.jar
2025-06-23 23:13:05,784 [Worker-12: Launching Executing install in C__spring_workspace_sb01_Email] INFO  o.eclipse.m2e.core.internal.Bundles - 	Entry: C:\spring\sts-4.28.0.RELEASE\plugins\org.eclipse.m2e.maven.runtime_3.9.900.20240824-1409\jars\plexus-classworlds-2.8.0.jar
2025-06-23 23:13:05,784 [Worker-12: Launching Executing install in C__spring_workspace_sb01_Email] INFO  o.eclipse.m2e.core.internal.Bundles - 	Entry: C:\spring\sts-4.28.0.RELEASE\plugins\org.eclipse.m2e.maven.runtime_3.9.900.20240824-1409\jars\plexus-component-annotations-2.1.0.jar
2025-06-23 23:13:05,784 [Worker-12: Launching Executing install in C__spring_workspace_sb01_Email] INFO  o.eclipse.m2e.core.internal.Bundles - 	Entry: C:\spring\sts-4.28.0.RELEASE\plugins\org.eclipse.m2e.maven.runtime_3.9.900.20240824-1409\jars\plexus-interpolation-1.27.jar
2025-06-23 23:13:05,785 [Worker-12: Launching Executing install in C__spring_workspace_sb01_Email] INFO  o.eclipse.m2e.core.internal.Bundles - 	Entry: C:\spring\sts-4.28.0.RELEASE\plugins\org.eclipse.m2e.maven.runtime_3.9.900.20240824-1409\jars\plexus-sec-dispatcher-2.0.jar
2025-06-23 23:13:05,785 [Worker-12: Launching Executing install in C__spring_workspace_sb01_Email] INFO  o.eclipse.m2e.core.internal.Bundles - 	Entry: C:\spring\sts-4.28.0.RELEASE\plugins\org.eclipse.m2e.maven.runtime_3.9.900.20240824-1409\jars\plexus-utils-3.5.1.jar
2025-06-23 23:13:05,785 [Worker-12: Launching Executing install in C__spring_workspace_sb01_Email] INFO  o.eclipse.m2e.core.internal.Bundles - 	Entry: C:\spring\sts-4.28.0.RELEASE\plugins\org.eclipse.m2e.maven.runtime_3.9.900.20240824-1409\jars\plexus-xml-3.0.1.jar
2025-06-23 23:13:05,785 [Worker-12: Launching Executing install in C__spring_workspace_sb01_Email] INFO  o.eclipse.m2e.core.internal.Bundles - 	Entry: C:\spring\sts-4.28.0.RELEASE\plugins\org.eclipse.m2e.maven.runtime_3.9.900.20240824-1409\jars\wagon-file-3.5.3.jar
2025-06-23 23:13:05,786 [Worker-12: Launching Executing install in C__spring_workspace_sb01_Email] INFO  o.eclipse.m2e.core.internal.Bundles - 	Entry: C:\spring\sts-4.28.0.RELEASE\plugins\org.eclipse.m2e.maven.runtime_3.9.900.20240824-1409\jars\wagon-http-3.5.3.jar
2025-06-23 23:13:05,786 [Worker-12: Launching Executing install in C__spring_workspace_sb01_Email] INFO  o.eclipse.m2e.core.internal.Bundles - 	Entry: C:\spring\sts-4.28.0.RELEASE\plugins\org.eclipse.m2e.maven.runtime_3.9.900.20240824-1409\jars\wagon-http-shared-3.5.3.jar
2025-06-23 23:13:05,786 [Worker-12: Launching Executing install in C__spring_workspace_sb01_Email] INFO  o.eclipse.m2e.core.internal.Bundles - 	Entry: C:\spring\sts-4.28.0.RELEASE\plugins\org.eclipse.m2e.maven.runtime_3.9.900.20240824-1409\jars\wagon-provider-api-3.5.3.jar
2025-06-23 23:13:05,787 [Worker-12: Launching Executing install in C__spring_workspace_sb01_Email] INFO  o.eclipse.m2e.core.internal.Bundles - getClasspathEntries(Bundle=com.google.guava_33.3.1.jre [29])
2025-06-23 23:13:05,787 [Worker-12: Launching Executing install in C__spring_workspace_sb01_Email] INFO  o.eclipse.m2e.core.internal.Bundles - 	Entry: C:\spring\sts-4.28.0.RELEASE\plugins\com.google.guava_33.3.1.jre.jar
2025-06-23 23:13:05,787 [Worker-12: Launching Executing install in C__spring_workspace_sb01_Email] INFO  o.eclipse.m2e.core.internal.Bundles - getClasspathEntries(Bundle=slf4j.api_2.0.16 [615])
2025-06-23 23:13:05,787 [Worker-12: Launching Executing install in C__spring_workspace_sb01_Email] INFO  o.eclipse.m2e.core.internal.Bundles - 	Entry: C:\spring\sts-4.28.0.RELEASE\plugins\slf4j.api_2.0.16.jar
2025-06-23 23:13:05,787 [Worker-12: Launching Executing install in C__spring_workspace_sb01_Email] INFO  o.eclipse.m2e.core.internal.Bundles - getClasspathEntries(Bundle=jakarta.inject.jakarta.inject-api_1.0.5 [45])
2025-06-23 23:13:05,787 [Worker-12: Launching Executing install in C__spring_workspace_sb01_Email] INFO  o.eclipse.m2e.core.internal.Bundles - 	Entry: C:\spring\sts-4.28.0.RELEASE\plugins\jakarta.inject.jakarta.inject-api_1.0.5.jar
2025-06-23 23:13:05,787 [Worker-12: Launching Executing install in C__spring_workspace_sb01_Email] INFO  o.eclipse.m2e.core.internal.Bundles - getClasspathEntries(Bundle=jakarta.annotation-api_1.3.5 [41])
2025-06-23 23:13:05,788 [Worker-12: Launching Executing install in C__spring_workspace_sb01_Email] INFO  o.eclipse.m2e.core.internal.Bundles - 	Entry: C:\spring\sts-4.28.0.RELEASE\plugins\jakarta.annotation-api_1.3.5.jar
2025-06-23 23:13:05,788 [Worker-12: Launching Executing install in C__spring_workspace_sb01_Email] INFO  o.eclipse.m2e.core.internal.Bundles - getClasspathEntries(Bundle=org.apache.commons.cli_1.9.0 [78])
2025-06-23 23:13:05,788 [Worker-12: Launching Executing install in C__spring_workspace_sb01_Email] INFO  o.eclipse.m2e.core.internal.Bundles - 	Entry: C:\spring\sts-4.28.0.RELEASE\plugins\org.apache.commons.cli_1.9.0.jar
2025-06-23 23:13:05,788 [Worker-12: Launching Executing install in C__spring_workspace_sb01_Email] INFO  o.eclipse.m2e.core.internal.Bundles - getClasspathEntries(Bundle=org.apache.commons.commons-codec_1.16.0 [81])
2025-06-23 23:13:05,788 [Worker-12: Launching Executing install in C__spring_workspace_sb01_Email] INFO  o.eclipse.m2e.core.internal.Bundles - 	Entry: C:\spring\sts-4.28.0.RELEASE\plugins\org.apache.commons.commons-codec_1.16.0.jar
2025-06-23 23:13:05,788 [Worker-12: Launching Executing install in C__spring_workspace_sb01_Email] INFO  o.eclipse.m2e.core.internal.Bundles - getClasspathEntries(Bundle=com.google.guava.failureaccess_1.0.2 [30])
2025-06-23 23:13:05,788 [Worker-12: Launching Executing install in C__spring_workspace_sb01_Email] INFO  o.eclipse.m2e.core.internal.Bundles - 	Entry: C:\spring\sts-4.28.0.RELEASE\plugins\com.google.guava.failureaccess_1.0.2.jar
2025-06-23 23:13:05,790 [Worker-12: Launching Executing install in C__spring_workspace_sb01_Email] INFO  o.e.m.i.launch.MavenLaunchDelegate - Run build in "C:\spring\workspace\sb01\Email":
2025-06-23 23:13:05,790 [Worker-12: Launching Executing install in C__spring_workspace_sb01_Email] INFO  o.e.m.i.launch.MavenLaunchDelegate -  mvn  -B -Dstyle.color=always install
2025-06-23 23:13:31,200 [Worker-18: Building] INFO  o.a.m.s.f.DefaultMavenResourcesFiltering - Copying 1 resource from src\main\resources to target\classes
2025-06-23 23:13:31,202 [Worker-18: Building] INFO  o.a.m.s.f.DefaultMavenResourcesFiltering - Copying 0 resource from src\main\resources to target\classes
2025-06-23 23:13:31,205 [Worker-18: Building] INFO  o.a.m.s.f.DefaultMavenResourcesFiltering - skip non existing resourceDirectory C:\spring\workspace\sb01\Email\src\test\resources
2025-06-23 23:13:57,390 [Worker-17: Building] INFO  o.a.m.s.f.DefaultMavenResourcesFiltering - Copying 0 resource from src\main\resources to target\classes
2025-06-23 23:13:57,391 [Worker-17: Building] INFO  o.a.m.s.f.DefaultMavenResourcesFiltering - Copying 0 resource from src\main\resources to target\classes
2025-06-23 23:13:57,393 [Worker-17: Building] INFO  o.a.m.s.f.DefaultMavenResourcesFiltering - skip non existing resourceDirectory C:\spring\workspace\sb01\Email\src\test\resources
2025-06-23 23:15:54,657 [Worker-1: Loading available Gradle versions] INFO  o.e.b.c.i.u.g.PublishedGradleVersions - Gradle version information cache is up-to-date. Trying to read.
2025-06-23 23:17:03,939 [Worker-4: Launching Executing clean in C__spring_workspace_sb01_Email] INFO  o.eclipse.m2e.core.internal.Bundles - getClasspathEntries(Bundle=org.eclipse.m2e.maven.runtime_3.9.900.20240824-1409 [364])
2025-06-23 23:17:03,942 [Worker-4: Launching Executing clean in C__spring_workspace_sb01_Email] INFO  o.eclipse.m2e.core.internal.Bundles - 	Entry: C:\spring\sts-4.28.0.RELEASE\plugins\org.eclipse.m2e.maven.runtime_3.9.900.20240824-1409
2025-06-23 23:17:03,943 [Worker-4: Launching Executing clean in C__spring_workspace_sb01_Email] INFO  o.eclipse.m2e.core.internal.Bundles - 	Entry: C:\spring\sts-4.28.0.RELEASE\plugins\org.eclipse.m2e.maven.runtime_3.9.900.20240824-1409\jars\aopalliance-1.0.jar
2025-06-23 23:17:03,943 [Worker-4: Launching Executing clean in C__spring_workspace_sb01_Email] INFO  o.eclipse.m2e.core.internal.Bundles - 	Entry: C:\spring\sts-4.28.0.RELEASE\plugins\org.eclipse.m2e.maven.runtime_3.9.900.20240824-1409\jars\guice-5.1.0.jar
2025-06-23 23:17:03,943 [Worker-4: Launching Executing clean in C__spring_workspace_sb01_Email] INFO  o.eclipse.m2e.core.internal.Bundles - 	Entry: C:\spring\sts-4.28.0.RELEASE\plugins\org.eclipse.m2e.maven.runtime_3.9.900.20240824-1409\jars\httpclient-4.5.14.jar
2025-06-23 23:17:03,943 [Worker-4: Launching Executing clean in C__spring_workspace_sb01_Email] INFO  o.eclipse.m2e.core.internal.Bundles - 	Entry: C:\spring\sts-4.28.0.RELEASE\plugins\org.eclipse.m2e.maven.runtime_3.9.900.20240824-1409\jars\httpcore-4.4.16.jar
2025-06-23 23:17:03,943 [Worker-4: Launching Executing clean in C__spring_workspace_sb01_Email] INFO  o.eclipse.m2e.core.internal.Bundles - 	Entry: C:\spring\sts-4.28.0.RELEASE\plugins\org.eclipse.m2e.maven.runtime_3.9.900.20240824-1409\jars\jansi-2.4.1.jar
2025-06-23 23:17:03,944 [Worker-4: Launching Executing clean in C__spring_workspace_sb01_Email] INFO  o.eclipse.m2e.core.internal.Bundles - 	Entry: C:\spring\sts-4.28.0.RELEASE\plugins\org.eclipse.m2e.maven.runtime_3.9.900.20240824-1409\jars\jcl-over-slf4j-1.7.36.jar
2025-06-23 23:17:03,944 [Worker-4: Launching Executing clean in C__spring_workspace_sb01_Email] INFO  o.eclipse.m2e.core.internal.Bundles - 	Entry: C:\spring\sts-4.28.0.RELEASE\plugins\org.eclipse.m2e.maven.runtime_3.9.900.20240824-1409\jars\maven-artifact-3.9.9.jar
2025-06-23 23:17:03,944 [Worker-4: Launching Executing clean in C__spring_workspace_sb01_Email] INFO  o.eclipse.m2e.core.internal.Bundles - 	Entry: C:\spring\sts-4.28.0.RELEASE\plugins\org.eclipse.m2e.maven.runtime_3.9.900.20240824-1409\jars\maven-builder-support-3.9.9.jar
2025-06-23 23:17:03,944 [Worker-4: Launching Executing clean in C__spring_workspace_sb01_Email] INFO  o.eclipse.m2e.core.internal.Bundles - 	Entry: C:\spring\sts-4.28.0.RELEASE\plugins\org.eclipse.m2e.maven.runtime_3.9.900.20240824-1409\jars\maven-compat-3.9.9.jar
2025-06-23 23:17:03,944 [Worker-4: Launching Executing clean in C__spring_workspace_sb01_Email] INFO  o.eclipse.m2e.core.internal.Bundles - 	Entry: C:\spring\sts-4.28.0.RELEASE\plugins\org.eclipse.m2e.maven.runtime_3.9.900.20240824-1409\jars\maven-core-3.9.9.jar
2025-06-23 23:17:03,944 [Worker-4: Launching Executing clean in C__spring_workspace_sb01_Email] INFO  o.eclipse.m2e.core.internal.Bundles - 	Entry: C:\spring\sts-4.28.0.RELEASE\plugins\org.eclipse.m2e.maven.runtime_3.9.900.20240824-1409\jars\maven-embedder-3.9.9.jar
2025-06-23 23:17:03,944 [Worker-4: Launching Executing clean in C__spring_workspace_sb01_Email] INFO  o.eclipse.m2e.core.internal.Bundles - 	Entry: C:\spring\sts-4.28.0.RELEASE\plugins\org.eclipse.m2e.maven.runtime_3.9.900.20240824-1409\jars\maven-model-3.9.9.jar
2025-06-23 23:17:03,944 [Worker-4: Launching Executing clean in C__spring_workspace_sb01_Email] INFO  o.eclipse.m2e.core.internal.Bundles - 	Entry: C:\spring\sts-4.28.0.RELEASE\plugins\org.eclipse.m2e.maven.runtime_3.9.900.20240824-1409\jars\maven-model-builder-3.9.9.jar
2025-06-23 23:17:03,945 [Worker-4: Launching Executing clean in C__spring_workspace_sb01_Email] INFO  o.eclipse.m2e.core.internal.Bundles - 	Entry: C:\spring\sts-4.28.0.RELEASE\plugins\org.eclipse.m2e.maven.runtime_3.9.900.20240824-1409\jars\maven-plugin-api-3.9.9.jar
2025-06-23 23:17:03,945 [Worker-4: Launching Executing clean in C__spring_workspace_sb01_Email] INFO  o.eclipse.m2e.core.internal.Bundles - 	Entry: C:\spring\sts-4.28.0.RELEASE\plugins\org.eclipse.m2e.maven.runtime_3.9.900.20240824-1409\jars\maven-repository-metadata-3.9.9.jar
2025-06-23 23:17:03,945 [Worker-4: Launching Executing clean in C__spring_workspace_sb01_Email] INFO  o.eclipse.m2e.core.internal.Bundles - 	Entry: C:\spring\sts-4.28.0.RELEASE\plugins\org.eclipse.m2e.maven.runtime_3.9.900.20240824-1409\jars\maven-resolver-api-1.9.22.jar
2025-06-23 23:17:03,945 [Worker-4: Launching Executing clean in C__spring_workspace_sb01_Email] INFO  o.eclipse.m2e.core.internal.Bundles - 	Entry: C:\spring\sts-4.28.0.RELEASE\plugins\org.eclipse.m2e.maven.runtime_3.9.900.20240824-1409\jars\maven-resolver-connector-basic-1.9.22.jar
2025-06-23 23:17:03,945 [Worker-4: Launching Executing clean in C__spring_workspace_sb01_Email] INFO  o.eclipse.m2e.core.internal.Bundles - 	Entry: C:\spring\sts-4.28.0.RELEASE\plugins\org.eclipse.m2e.maven.runtime_3.9.900.20240824-1409\jars\maven-resolver-impl-1.9.22.jar
2025-06-23 23:17:03,945 [Worker-4: Launching Executing clean in C__spring_workspace_sb01_Email] INFO  o.eclipse.m2e.core.internal.Bundles - 	Entry: C:\spring\sts-4.28.0.RELEASE\plugins\org.eclipse.m2e.maven.runtime_3.9.900.20240824-1409\jars\maven-resolver-named-locks-1.9.22.jar
2025-06-23 23:17:03,945 [Worker-4: Launching Executing clean in C__spring_workspace_sb01_Email] INFO  o.eclipse.m2e.core.internal.Bundles - 	Entry: C:\spring\sts-4.28.0.RELEASE\plugins\org.eclipse.m2e.maven.runtime_3.9.900.20240824-1409\jars\maven-resolver-provider-3.9.9.jar
2025-06-23 23:17:03,945 [Worker-4: Launching Executing clean in C__spring_workspace_sb01_Email] INFO  o.eclipse.m2e.core.internal.Bundles - 	Entry: C:\spring\sts-4.28.0.RELEASE\plugins\org.eclipse.m2e.maven.runtime_3.9.900.20240824-1409\jars\maven-resolver-spi-1.9.22.jar
2025-06-23 23:17:03,945 [Worker-4: Launching Executing clean in C__spring_workspace_sb01_Email] INFO  o.eclipse.m2e.core.internal.Bundles - 	Entry: C:\spring\sts-4.28.0.RELEASE\plugins\org.eclipse.m2e.maven.runtime_3.9.900.20240824-1409\jars\maven-resolver-transport-file-1.9.22.jar
2025-06-23 23:17:03,946 [Worker-4: Launching Executing clean in C__spring_workspace_sb01_Email] INFO  o.eclipse.m2e.core.internal.Bundles - 	Entry: C:\spring\sts-4.28.0.RELEASE\plugins\org.eclipse.m2e.maven.runtime_3.9.900.20240824-1409\jars\maven-resolver-transport-http-1.9.22.jar
2025-06-23 23:17:03,946 [Worker-4: Launching Executing clean in C__spring_workspace_sb01_Email] INFO  o.eclipse.m2e.core.internal.Bundles - 	Entry: C:\spring\sts-4.28.0.RELEASE\plugins\org.eclipse.m2e.maven.runtime_3.9.900.20240824-1409\jars\maven-resolver-transport-wagon-1.9.22.jar
2025-06-23 23:17:03,946 [Worker-4: Launching Executing clean in C__spring_workspace_sb01_Email] INFO  o.eclipse.m2e.core.internal.Bundles - 	Entry: C:\spring\sts-4.28.0.RELEASE\plugins\org.eclipse.m2e.maven.runtime_3.9.900.20240824-1409\jars\maven-resolver-util-1.9.22.jar
2025-06-23 23:17:03,946 [Worker-4: Launching Executing clean in C__spring_workspace_sb01_Email] INFO  o.eclipse.m2e.core.internal.Bundles - 	Entry: C:\spring\sts-4.28.0.RELEASE\plugins\org.eclipse.m2e.maven.runtime_3.9.900.20240824-1409\jars\maven-settings-3.9.9.jar
2025-06-23 23:17:03,946 [Worker-4: Launching Executing clean in C__spring_workspace_sb01_Email] INFO  o.eclipse.m2e.core.internal.Bundles - 	Entry: C:\spring\sts-4.28.0.RELEASE\plugins\org.eclipse.m2e.maven.runtime_3.9.900.20240824-1409\jars\maven-settings-builder-3.9.9.jar
2025-06-23 23:17:03,946 [Worker-4: Launching Executing clean in C__spring_workspace_sb01_Email] INFO  o.eclipse.m2e.core.internal.Bundles - 	Entry: C:\spring\sts-4.28.0.RELEASE\plugins\org.eclipse.m2e.maven.runtime_3.9.900.20240824-1409\jars\maven-shared-utils-3.4.2.jar
2025-06-23 23:17:03,946 [Worker-4: Launching Executing clean in C__spring_workspace_sb01_Email] INFO  o.eclipse.m2e.core.internal.Bundles - 	Entry: C:\spring\sts-4.28.0.RELEASE\plugins\org.eclipse.m2e.maven.runtime_3.9.900.20240824-1409\jars\org.eclipse.sisu.inject-0.9.0.M3.jar
2025-06-23 23:17:03,946 [Worker-4: Launching Executing clean in C__spring_workspace_sb01_Email] INFO  o.eclipse.m2e.core.internal.Bundles - 	Entry: C:\spring\sts-4.28.0.RELEASE\plugins\org.eclipse.m2e.maven.runtime_3.9.900.20240824-1409\jars\org.eclipse.sisu.plexus-0.9.0.M3.jar
2025-06-23 23:17:03,947 [Worker-4: Launching Executing clean in C__spring_workspace_sb01_Email] INFO  o.eclipse.m2e.core.internal.Bundles - 	Entry: C:\spring\sts-4.28.0.RELEASE\plugins\org.eclipse.m2e.maven.runtime_3.9.900.20240824-1409\jars\plexus-build-api-0.0.7.jar
2025-06-23 23:17:03,947 [Worker-4: Launching Executing clean in C__spring_workspace_sb01_Email] INFO  o.eclipse.m2e.core.internal.Bundles - 	Entry: C:\spring\sts-4.28.0.RELEASE\plugins\org.eclipse.m2e.maven.runtime_3.9.900.20240824-1409\jars\plexus-build-api-1.2.0.jar
2025-06-23 23:17:03,947 [Worker-4: Launching Executing clean in C__spring_workspace_sb01_Email] INFO  o.eclipse.m2e.core.internal.Bundles - 	Entry: C:\spring\sts-4.28.0.RELEASE\plugins\org.eclipse.m2e.maven.runtime_3.9.900.20240824-1409\jars\plexus-cipher-2.0.jar
2025-06-23 23:17:03,947 [Worker-4: Launching Executing clean in C__spring_workspace_sb01_Email] INFO  o.eclipse.m2e.core.internal.Bundles - 	Entry: C:\spring\sts-4.28.0.RELEASE\plugins\org.eclipse.m2e.maven.runtime_3.9.900.20240824-1409\jars\plexus-classworlds-2.8.0.jar
2025-06-23 23:17:03,948 [Worker-4: Launching Executing clean in C__spring_workspace_sb01_Email] INFO  o.eclipse.m2e.core.internal.Bundles - 	Entry: C:\spring\sts-4.28.0.RELEASE\plugins\org.eclipse.m2e.maven.runtime_3.9.900.20240824-1409\jars\plexus-component-annotations-2.1.0.jar
2025-06-23 23:17:03,948 [Worker-4: Launching Executing clean in C__spring_workspace_sb01_Email] INFO  o.eclipse.m2e.core.internal.Bundles - 	Entry: C:\spring\sts-4.28.0.RELEASE\plugins\org.eclipse.m2e.maven.runtime_3.9.900.20240824-1409\jars\plexus-interpolation-1.27.jar
2025-06-23 23:17:03,948 [Worker-4: Launching Executing clean in C__spring_workspace_sb01_Email] INFO  o.eclipse.m2e.core.internal.Bundles - 	Entry: C:\spring\sts-4.28.0.RELEASE\plugins\org.eclipse.m2e.maven.runtime_3.9.900.20240824-1409\jars\plexus-sec-dispatcher-2.0.jar
2025-06-23 23:17:03,948 [Worker-4: Launching Executing clean in C__spring_workspace_sb01_Email] INFO  o.eclipse.m2e.core.internal.Bundles - 	Entry: C:\spring\sts-4.28.0.RELEASE\plugins\org.eclipse.m2e.maven.runtime_3.9.900.20240824-1409\jars\plexus-utils-3.5.1.jar
2025-06-23 23:17:03,948 [Worker-4: Launching Executing clean in C__spring_workspace_sb01_Email] INFO  o.eclipse.m2e.core.internal.Bundles - 	Entry: C:\spring\sts-4.28.0.RELEASE\plugins\org.eclipse.m2e.maven.runtime_3.9.900.20240824-1409\jars\plexus-xml-3.0.1.jar
2025-06-23 23:17:03,949 [Worker-4: Launching Executing clean in C__spring_workspace_sb01_Email] INFO  o.eclipse.m2e.core.internal.Bundles - 	Entry: C:\spring\sts-4.28.0.RELEASE\plugins\org.eclipse.m2e.maven.runtime_3.9.900.20240824-1409\jars\wagon-file-3.5.3.jar
2025-06-23 23:17:03,949 [Worker-4: Launching Executing clean in C__spring_workspace_sb01_Email] INFO  o.eclipse.m2e.core.internal.Bundles - 	Entry: C:\spring\sts-4.28.0.RELEASE\plugins\org.eclipse.m2e.maven.runtime_3.9.900.20240824-1409\jars\wagon-http-3.5.3.jar
2025-06-23 23:17:03,949 [Worker-4: Launching Executing clean in C__spring_workspace_sb01_Email] INFO  o.eclipse.m2e.core.internal.Bundles - 	Entry: C:\spring\sts-4.28.0.RELEASE\plugins\org.eclipse.m2e.maven.runtime_3.9.900.20240824-1409\jars\wagon-http-shared-3.5.3.jar
2025-06-23 23:17:03,949 [Worker-4: Launching Executing clean in C__spring_workspace_sb01_Email] INFO  o.eclipse.m2e.core.internal.Bundles - 	Entry: C:\spring\sts-4.28.0.RELEASE\plugins\org.eclipse.m2e.maven.runtime_3.9.900.20240824-1409\jars\wagon-provider-api-3.5.3.jar
2025-06-23 23:17:03,951 [Worker-4: Launching Executing clean in C__spring_workspace_sb01_Email] INFO  o.eclipse.m2e.core.internal.Bundles - getClasspathEntries(Bundle=com.google.guava_33.3.1.jre [29])
2025-06-23 23:17:03,951 [Worker-4: Launching Executing clean in C__spring_workspace_sb01_Email] INFO  o.eclipse.m2e.core.internal.Bundles - 	Entry: C:\spring\sts-4.28.0.RELEASE\plugins\com.google.guava_33.3.1.jre.jar
2025-06-23 23:17:03,951 [Worker-4: Launching Executing clean in C__spring_workspace_sb01_Email] INFO  o.eclipse.m2e.core.internal.Bundles - getClasspathEntries(Bundle=slf4j.api_2.0.16 [615])
2025-06-23 23:17:03,952 [Worker-4: Launching Executing clean in C__spring_workspace_sb01_Email] INFO  o.eclipse.m2e.core.internal.Bundles - 	Entry: C:\spring\sts-4.28.0.RELEASE\plugins\slf4j.api_2.0.16.jar
2025-06-23 23:17:03,952 [Worker-4: Launching Executing clean in C__spring_workspace_sb01_Email] INFO  o.eclipse.m2e.core.internal.Bundles - getClasspathEntries(Bundle=jakarta.inject.jakarta.inject-api_1.0.5 [45])
2025-06-23 23:17:03,952 [Worker-4: Launching Executing clean in C__spring_workspace_sb01_Email] INFO  o.eclipse.m2e.core.internal.Bundles - 	Entry: C:\spring\sts-4.28.0.RELEASE\plugins\jakarta.inject.jakarta.inject-api_1.0.5.jar
2025-06-23 23:17:03,952 [Worker-4: Launching Executing clean in C__spring_workspace_sb01_Email] INFO  o.eclipse.m2e.core.internal.Bundles - getClasspathEntries(Bundle=jakarta.annotation-api_1.3.5 [41])
2025-06-23 23:17:03,952 [Worker-4: Launching Executing clean in C__spring_workspace_sb01_Email] INFO  o.eclipse.m2e.core.internal.Bundles - 	Entry: C:\spring\sts-4.28.0.RELEASE\plugins\jakarta.annotation-api_1.3.5.jar
2025-06-23 23:17:03,952 [Worker-4: Launching Executing clean in C__spring_workspace_sb01_Email] INFO  o.eclipse.m2e.core.internal.Bundles - getClasspathEntries(Bundle=org.apache.commons.cli_1.9.0 [78])
2025-06-23 23:17:03,952 [Worker-4: Launching Executing clean in C__spring_workspace_sb01_Email] INFO  o.eclipse.m2e.core.internal.Bundles - 	Entry: C:\spring\sts-4.28.0.RELEASE\plugins\org.apache.commons.cli_1.9.0.jar
2025-06-23 23:17:03,952 [Worker-4: Launching Executing clean in C__spring_workspace_sb01_Email] INFO  o.eclipse.m2e.core.internal.Bundles - getClasspathEntries(Bundle=org.apache.commons.commons-codec_1.16.0 [81])
2025-06-23 23:17:03,953 [Worker-4: Launching Executing clean in C__spring_workspace_sb01_Email] INFO  o.eclipse.m2e.core.internal.Bundles - 	Entry: C:\spring\sts-4.28.0.RELEASE\plugins\org.apache.commons.commons-codec_1.16.0.jar
2025-06-23 23:17:03,953 [Worker-4: Launching Executing clean in C__spring_workspace_sb01_Email] INFO  o.eclipse.m2e.core.internal.Bundles - getClasspathEntries(Bundle=com.google.guava.failureaccess_1.0.2 [30])
2025-06-23 23:17:03,953 [Worker-4: Launching Executing clean in C__spring_workspace_sb01_Email] INFO  o.eclipse.m2e.core.internal.Bundles - 	Entry: C:\spring\sts-4.28.0.RELEASE\plugins\com.google.guava.failureaccess_1.0.2.jar
2025-06-23 23:17:03,958 [Worker-4: Launching Executing clean in C__spring_workspace_sb01_Email] INFO  o.e.m.i.launch.MavenLaunchDelegate - Run build in "C:\spring\workspace\sb01\Email":
2025-06-23 23:17:03,960 [Worker-4: Launching Executing clean in C__spring_workspace_sb01_Email] INFO  o.e.m.i.launch.MavenLaunchDelegate -  mvn  -B -Dstyle.color=always clean
2025-06-23 23:17:06,819 [Worker-12: Building] INFO  o.a.m.s.f.DefaultMavenResourcesFiltering - Copying 1 resource from src\main\resources to target\classes
2025-06-23 23:17:06,838 [Worker-12: Building] INFO  o.a.m.s.f.DefaultMavenResourcesFiltering - Copying 18 resources from src\main\resources to target\classes
2025-06-23 23:17:06,886 [Worker-12: Building] INFO  o.a.m.s.f.DefaultMavenResourcesFiltering - skip non existing resourceDirectory C:\spring\workspace\sb01\Email\src\test\resources
2025-06-23 23:17:19,245 [Worker-0: Launching Executing install in C__spring_workspace_sb01_Email] INFO  o.eclipse.m2e.core.internal.Bundles - getClasspathEntries(Bundle=org.eclipse.m2e.maven.runtime_3.9.900.20240824-1409 [364])
2025-06-23 23:17:19,246 [Worker-0: Launching Executing install in C__spring_workspace_sb01_Email] INFO  o.eclipse.m2e.core.internal.Bundles - 	Entry: C:\spring\sts-4.28.0.RELEASE\plugins\org.eclipse.m2e.maven.runtime_3.9.900.20240824-1409
2025-06-23 23:17:19,246 [Worker-0: Launching Executing install in C__spring_workspace_sb01_Email] INFO  o.eclipse.m2e.core.internal.Bundles - 	Entry: C:\spring\sts-4.28.0.RELEASE\plugins\org.eclipse.m2e.maven.runtime_3.9.900.20240824-1409\jars\aopalliance-1.0.jar
2025-06-23 23:17:19,246 [Worker-0: Launching Executing install in C__spring_workspace_sb01_Email] INFO  o.eclipse.m2e.core.internal.Bundles - 	Entry: C:\spring\sts-4.28.0.RELEASE\plugins\org.eclipse.m2e.maven.runtime_3.9.900.20240824-1409\jars\guice-5.1.0.jar
2025-06-23 23:17:19,246 [Worker-0: Launching Executing install in C__spring_workspace_sb01_Email] INFO  o.eclipse.m2e.core.internal.Bundles - 	Entry: C:\spring\sts-4.28.0.RELEASE\plugins\org.eclipse.m2e.maven.runtime_3.9.900.20240824-1409\jars\httpclient-4.5.14.jar
2025-06-23 23:17:19,246 [Worker-0: Launching Executing install in C__spring_workspace_sb01_Email] INFO  o.eclipse.m2e.core.internal.Bundles - 	Entry: C:\spring\sts-4.28.0.RELEASE\plugins\org.eclipse.m2e.maven.runtime_3.9.900.20240824-1409\jars\httpcore-4.4.16.jar
2025-06-23 23:17:19,247 [Worker-0: Launching Executing install in C__spring_workspace_sb01_Email] INFO  o.eclipse.m2e.core.internal.Bundles - 	Entry: C:\spring\sts-4.28.0.RELEASE\plugins\org.eclipse.m2e.maven.runtime_3.9.900.20240824-1409\jars\jansi-2.4.1.jar
2025-06-23 23:17:19,247 [Worker-0: Launching Executing install in C__spring_workspace_sb01_Email] INFO  o.eclipse.m2e.core.internal.Bundles - 	Entry: C:\spring\sts-4.28.0.RELEASE\plugins\org.eclipse.m2e.maven.runtime_3.9.900.20240824-1409\jars\jcl-over-slf4j-1.7.36.jar
2025-06-23 23:17:19,247 [Worker-0: Launching Executing install in C__spring_workspace_sb01_Email] INFO  o.eclipse.m2e.core.internal.Bundles - 	Entry: C:\spring\sts-4.28.0.RELEASE\plugins\org.eclipse.m2e.maven.runtime_3.9.900.20240824-1409\jars\maven-artifact-3.9.9.jar
2025-06-23 23:17:19,247 [Worker-0: Launching Executing install in C__spring_workspace_sb01_Email] INFO  o.eclipse.m2e.core.internal.Bundles - 	Entry: C:\spring\sts-4.28.0.RELEASE\plugins\org.eclipse.m2e.maven.runtime_3.9.900.20240824-1409\jars\maven-builder-support-3.9.9.jar
2025-06-23 23:17:19,247 [Worker-0: Launching Executing install in C__spring_workspace_sb01_Email] INFO  o.eclipse.m2e.core.internal.Bundles - 	Entry: C:\spring\sts-4.28.0.RELEASE\plugins\org.eclipse.m2e.maven.runtime_3.9.900.20240824-1409\jars\maven-compat-3.9.9.jar
2025-06-23 23:17:19,247 [Worker-0: Launching Executing install in C__spring_workspace_sb01_Email] INFO  o.eclipse.m2e.core.internal.Bundles - 	Entry: C:\spring\sts-4.28.0.RELEASE\plugins\org.eclipse.m2e.maven.runtime_3.9.900.20240824-1409\jars\maven-core-3.9.9.jar
2025-06-23 23:17:19,247 [Worker-0: Launching Executing install in C__spring_workspace_sb01_Email] INFO  o.eclipse.m2e.core.internal.Bundles - 	Entry: C:\spring\sts-4.28.0.RELEASE\plugins\org.eclipse.m2e.maven.runtime_3.9.900.20240824-1409\jars\maven-embedder-3.9.9.jar
2025-06-23 23:17:19,247 [Worker-0: Launching Executing install in C__spring_workspace_sb01_Email] INFO  o.eclipse.m2e.core.internal.Bundles - 	Entry: C:\spring\sts-4.28.0.RELEASE\plugins\org.eclipse.m2e.maven.runtime_3.9.900.20240824-1409\jars\maven-model-3.9.9.jar
2025-06-23 23:17:19,248 [Worker-0: Launching Executing install in C__spring_workspace_sb01_Email] INFO  o.eclipse.m2e.core.internal.Bundles - 	Entry: C:\spring\sts-4.28.0.RELEASE\plugins\org.eclipse.m2e.maven.runtime_3.9.900.20240824-1409\jars\maven-model-builder-3.9.9.jar
2025-06-23 23:17:19,248 [Worker-0: Launching Executing install in C__spring_workspace_sb01_Email] INFO  o.eclipse.m2e.core.internal.Bundles - 	Entry: C:\spring\sts-4.28.0.RELEASE\plugins\org.eclipse.m2e.maven.runtime_3.9.900.20240824-1409\jars\maven-plugin-api-3.9.9.jar
2025-06-23 23:17:19,248 [Worker-0: Launching Executing install in C__spring_workspace_sb01_Email] INFO  o.eclipse.m2e.core.internal.Bundles - 	Entry: C:\spring\sts-4.28.0.RELEASE\plugins\org.eclipse.m2e.maven.runtime_3.9.900.20240824-1409\jars\maven-repository-metadata-3.9.9.jar
2025-06-23 23:17:19,248 [Worker-0: Launching Executing install in C__spring_workspace_sb01_Email] INFO  o.eclipse.m2e.core.internal.Bundles - 	Entry: C:\spring\sts-4.28.0.RELEASE\plugins\org.eclipse.m2e.maven.runtime_3.9.900.20240824-1409\jars\maven-resolver-api-1.9.22.jar
2025-06-23 23:17:19,248 [Worker-0: Launching Executing install in C__spring_workspace_sb01_Email] INFO  o.eclipse.m2e.core.internal.Bundles - 	Entry: C:\spring\sts-4.28.0.RELEASE\plugins\org.eclipse.m2e.maven.runtime_3.9.900.20240824-1409\jars\maven-resolver-connector-basic-1.9.22.jar
2025-06-23 23:17:19,248 [Worker-0: Launching Executing install in C__spring_workspace_sb01_Email] INFO  o.eclipse.m2e.core.internal.Bundles - 	Entry: C:\spring\sts-4.28.0.RELEASE\plugins\org.eclipse.m2e.maven.runtime_3.9.900.20240824-1409\jars\maven-resolver-impl-1.9.22.jar
2025-06-23 23:17:19,248 [Worker-0: Launching Executing install in C__spring_workspace_sb01_Email] INFO  o.eclipse.m2e.core.internal.Bundles - 	Entry: C:\spring\sts-4.28.0.RELEASE\plugins\org.eclipse.m2e.maven.runtime_3.9.900.20240824-1409\jars\maven-resolver-named-locks-1.9.22.jar
2025-06-23 23:17:19,249 [Worker-0: Launching Executing install in C__spring_workspace_sb01_Email] INFO  o.eclipse.m2e.core.internal.Bundles - 	Entry: C:\spring\sts-4.28.0.RELEASE\plugins\org.eclipse.m2e.maven.runtime_3.9.900.20240824-1409\jars\maven-resolver-provider-3.9.9.jar
2025-06-23 23:17:19,249 [Worker-0: Launching Executing install in C__spring_workspace_sb01_Email] INFO  o.eclipse.m2e.core.internal.Bundles - 	Entry: C:\spring\sts-4.28.0.RELEASE\plugins\org.eclipse.m2e.maven.runtime_3.9.900.20240824-1409\jars\maven-resolver-spi-1.9.22.jar
2025-06-23 23:17:19,249 [Worker-0: Launching Executing install in C__spring_workspace_sb01_Email] INFO  o.eclipse.m2e.core.internal.Bundles - 	Entry: C:\spring\sts-4.28.0.RELEASE\plugins\org.eclipse.m2e.maven.runtime_3.9.900.20240824-1409\jars\maven-resolver-transport-file-1.9.22.jar
2025-06-23 23:17:19,249 [Worker-0: Launching Executing install in C__spring_workspace_sb01_Email] INFO  o.eclipse.m2e.core.internal.Bundles - 	Entry: C:\spring\sts-4.28.0.RELEASE\plugins\org.eclipse.m2e.maven.runtime_3.9.900.20240824-1409\jars\maven-resolver-transport-http-1.9.22.jar
2025-06-23 23:17:19,249 [Worker-0: Launching Executing install in C__spring_workspace_sb01_Email] INFO  o.eclipse.m2e.core.internal.Bundles - 	Entry: C:\spring\sts-4.28.0.RELEASE\plugins\org.eclipse.m2e.maven.runtime_3.9.900.20240824-1409\jars\maven-resolver-transport-wagon-1.9.22.jar
2025-06-23 23:17:19,249 [Worker-0: Launching Executing install in C__spring_workspace_sb01_Email] INFO  o.eclipse.m2e.core.internal.Bundles - 	Entry: C:\spring\sts-4.28.0.RELEASE\plugins\org.eclipse.m2e.maven.runtime_3.9.900.20240824-1409\jars\maven-resolver-util-1.9.22.jar
2025-06-23 23:17:19,249 [Worker-0: Launching Executing install in C__spring_workspace_sb01_Email] INFO  o.eclipse.m2e.core.internal.Bundles - 	Entry: C:\spring\sts-4.28.0.RELEASE\plugins\org.eclipse.m2e.maven.runtime_3.9.900.20240824-1409\jars\maven-settings-3.9.9.jar
2025-06-23 23:17:19,250 [Worker-0: Launching Executing install in C__spring_workspace_sb01_Email] INFO  o.eclipse.m2e.core.internal.Bundles - 	Entry: C:\spring\sts-4.28.0.RELEASE\plugins\org.eclipse.m2e.maven.runtime_3.9.900.20240824-1409\jars\maven-settings-builder-3.9.9.jar
2025-06-23 23:17:19,250 [Worker-0: Launching Executing install in C__spring_workspace_sb01_Email] INFO  o.eclipse.m2e.core.internal.Bundles - 	Entry: C:\spring\sts-4.28.0.RELEASE\plugins\org.eclipse.m2e.maven.runtime_3.9.900.20240824-1409\jars\maven-shared-utils-3.4.2.jar
2025-06-23 23:17:19,250 [Worker-0: Launching Executing install in C__spring_workspace_sb01_Email] INFO  o.eclipse.m2e.core.internal.Bundles - 	Entry: C:\spring\sts-4.28.0.RELEASE\plugins\org.eclipse.m2e.maven.runtime_3.9.900.20240824-1409\jars\org.eclipse.sisu.inject-0.9.0.M3.jar
2025-06-23 23:17:19,250 [Worker-0: Launching Executing install in C__spring_workspace_sb01_Email] INFO  o.eclipse.m2e.core.internal.Bundles - 	Entry: C:\spring\sts-4.28.0.RELEASE\plugins\org.eclipse.m2e.maven.runtime_3.9.900.20240824-1409\jars\org.eclipse.sisu.plexus-0.9.0.M3.jar
2025-06-23 23:17:19,250 [Worker-0: Launching Executing install in C__spring_workspace_sb01_Email] INFO  o.eclipse.m2e.core.internal.Bundles - 	Entry: C:\spring\sts-4.28.0.RELEASE\plugins\org.eclipse.m2e.maven.runtime_3.9.900.20240824-1409\jars\plexus-build-api-0.0.7.jar
2025-06-23 23:17:19,250 [Worker-0: Launching Executing install in C__spring_workspace_sb01_Email] INFO  o.eclipse.m2e.core.internal.Bundles - 	Entry: C:\spring\sts-4.28.0.RELEASE\plugins\org.eclipse.m2e.maven.runtime_3.9.900.20240824-1409\jars\plexus-build-api-1.2.0.jar
2025-06-23 23:17:19,250 [Worker-0: Launching Executing install in C__spring_workspace_sb01_Email] INFO  o.eclipse.m2e.core.internal.Bundles - 	Entry: C:\spring\sts-4.28.0.RELEASE\plugins\org.eclipse.m2e.maven.runtime_3.9.900.20240824-1409\jars\plexus-cipher-2.0.jar
2025-06-23 23:17:19,250 [Worker-0: Launching Executing install in C__spring_workspace_sb01_Email] INFO  o.eclipse.m2e.core.internal.Bundles - 	Entry: C:\spring\sts-4.28.0.RELEASE\plugins\org.eclipse.m2e.maven.runtime_3.9.900.20240824-1409\jars\plexus-classworlds-2.8.0.jar
2025-06-23 23:17:19,250 [Worker-0: Launching Executing install in C__spring_workspace_sb01_Email] INFO  o.eclipse.m2e.core.internal.Bundles - 	Entry: C:\spring\sts-4.28.0.RELEASE\plugins\org.eclipse.m2e.maven.runtime_3.9.900.20240824-1409\jars\plexus-component-annotations-2.1.0.jar
2025-06-23 23:17:19,251 [Worker-0: Launching Executing install in C__spring_workspace_sb01_Email] INFO  o.eclipse.m2e.core.internal.Bundles - 	Entry: C:\spring\sts-4.28.0.RELEASE\plugins\org.eclipse.m2e.maven.runtime_3.9.900.20240824-1409\jars\plexus-interpolation-1.27.jar
2025-06-23 23:17:19,251 [Worker-0: Launching Executing install in C__spring_workspace_sb01_Email] INFO  o.eclipse.m2e.core.internal.Bundles - 	Entry: C:\spring\sts-4.28.0.RELEASE\plugins\org.eclipse.m2e.maven.runtime_3.9.900.20240824-1409\jars\plexus-sec-dispatcher-2.0.jar
2025-06-23 23:17:19,251 [Worker-0: Launching Executing install in C__spring_workspace_sb01_Email] INFO  o.eclipse.m2e.core.internal.Bundles - 	Entry: C:\spring\sts-4.28.0.RELEASE\plugins\org.eclipse.m2e.maven.runtime_3.9.900.20240824-1409\jars\plexus-utils-3.5.1.jar
2025-06-23 23:17:19,251 [Worker-0: Launching Executing install in C__spring_workspace_sb01_Email] INFO  o.eclipse.m2e.core.internal.Bundles - 	Entry: C:\spring\sts-4.28.0.RELEASE\plugins\org.eclipse.m2e.maven.runtime_3.9.900.20240824-1409\jars\plexus-xml-3.0.1.jar
2025-06-23 23:17:19,251 [Worker-0: Launching Executing install in C__spring_workspace_sb01_Email] INFO  o.eclipse.m2e.core.internal.Bundles - 	Entry: C:\spring\sts-4.28.0.RELEASE\plugins\org.eclipse.m2e.maven.runtime_3.9.900.20240824-1409\jars\wagon-file-3.5.3.jar
2025-06-23 23:17:19,251 [Worker-0: Launching Executing install in C__spring_workspace_sb01_Email] INFO  o.eclipse.m2e.core.internal.Bundles - 	Entry: C:\spring\sts-4.28.0.RELEASE\plugins\org.eclipse.m2e.maven.runtime_3.9.900.20240824-1409\jars\wagon-http-3.5.3.jar
2025-06-23 23:17:19,251 [Worker-0: Launching Executing install in C__spring_workspace_sb01_Email] INFO  o.eclipse.m2e.core.internal.Bundles - 	Entry: C:\spring\sts-4.28.0.RELEASE\plugins\org.eclipse.m2e.maven.runtime_3.9.900.20240824-1409\jars\wagon-http-shared-3.5.3.jar
2025-06-23 23:17:19,251 [Worker-0: Launching Executing install in C__spring_workspace_sb01_Email] INFO  o.eclipse.m2e.core.internal.Bundles - 	Entry: C:\spring\sts-4.28.0.RELEASE\plugins\org.eclipse.m2e.maven.runtime_3.9.900.20240824-1409\jars\wagon-provider-api-3.5.3.jar
2025-06-23 23:17:19,252 [Worker-0: Launching Executing install in C__spring_workspace_sb01_Email] INFO  o.eclipse.m2e.core.internal.Bundles - getClasspathEntries(Bundle=com.google.guava_33.3.1.jre [29])
2025-06-23 23:17:19,252 [Worker-0: Launching Executing install in C__spring_workspace_sb01_Email] INFO  o.eclipse.m2e.core.internal.Bundles - 	Entry: C:\spring\sts-4.28.0.RELEASE\plugins\com.google.guava_33.3.1.jre.jar
2025-06-23 23:17:19,252 [Worker-0: Launching Executing install in C__spring_workspace_sb01_Email] INFO  o.eclipse.m2e.core.internal.Bundles - getClasspathEntries(Bundle=slf4j.api_2.0.16 [615])
2025-06-23 23:17:19,252 [Worker-0: Launching Executing install in C__spring_workspace_sb01_Email] INFO  o.eclipse.m2e.core.internal.Bundles - 	Entry: C:\spring\sts-4.28.0.RELEASE\plugins\slf4j.api_2.0.16.jar
2025-06-23 23:17:19,252 [Worker-0: Launching Executing install in C__spring_workspace_sb01_Email] INFO  o.eclipse.m2e.core.internal.Bundles - getClasspathEntries(Bundle=jakarta.inject.jakarta.inject-api_1.0.5 [45])
2025-06-23 23:17:19,252 [Worker-0: Launching Executing install in C__spring_workspace_sb01_Email] INFO  o.eclipse.m2e.core.internal.Bundles - 	Entry: C:\spring\sts-4.28.0.RELEASE\plugins\jakarta.inject.jakarta.inject-api_1.0.5.jar
2025-06-23 23:17:19,252 [Worker-0: Launching Executing install in C__spring_workspace_sb01_Email] INFO  o.eclipse.m2e.core.internal.Bundles - getClasspathEntries(Bundle=jakarta.annotation-api_1.3.5 [41])
2025-06-23 23:17:19,252 [Worker-0: Launching Executing install in C__spring_workspace_sb01_Email] INFO  o.eclipse.m2e.core.internal.Bundles - 	Entry: C:\spring\sts-4.28.0.RELEASE\plugins\jakarta.annotation-api_1.3.5.jar
2025-06-23 23:17:19,252 [Worker-0: Launching Executing install in C__spring_workspace_sb01_Email] INFO  o.eclipse.m2e.core.internal.Bundles - getClasspathEntries(Bundle=org.apache.commons.cli_1.9.0 [78])
2025-06-23 23:17:19,253 [Worker-0: Launching Executing install in C__spring_workspace_sb01_Email] INFO  o.eclipse.m2e.core.internal.Bundles - 	Entry: C:\spring\sts-4.28.0.RELEASE\plugins\org.apache.commons.cli_1.9.0.jar
2025-06-23 23:17:19,253 [Worker-0: Launching Executing install in C__spring_workspace_sb01_Email] INFO  o.eclipse.m2e.core.internal.Bundles - getClasspathEntries(Bundle=org.apache.commons.commons-codec_1.16.0 [81])
2025-06-23 23:17:19,253 [Worker-0: Launching Executing install in C__spring_workspace_sb01_Email] INFO  o.eclipse.m2e.core.internal.Bundles - 	Entry: C:\spring\sts-4.28.0.RELEASE\plugins\org.apache.commons.commons-codec_1.16.0.jar
2025-06-23 23:17:19,253 [Worker-0: Launching Executing install in C__spring_workspace_sb01_Email] INFO  o.eclipse.m2e.core.internal.Bundles - getClasspathEntries(Bundle=com.google.guava.failureaccess_1.0.2 [30])
2025-06-23 23:17:19,253 [Worker-0: Launching Executing install in C__spring_workspace_sb01_Email] INFO  o.eclipse.m2e.core.internal.Bundles - 	Entry: C:\spring\sts-4.28.0.RELEASE\plugins\com.google.guava.failureaccess_1.0.2.jar
2025-06-23 23:17:19,254 [Worker-0: Launching Executing install in C__spring_workspace_sb01_Email] INFO  o.e.m.i.launch.MavenLaunchDelegate - Run build in "C:\spring\workspace\sb01\Email":
2025-06-23 23:17:19,255 [Worker-0: Launching Executing install in C__spring_workspace_sb01_Email] INFO  o.e.m.i.launch.MavenLaunchDelegate -  mvn  -B -Dstyle.color=always install
2025-06-23 23:17:33,201 [Worker-12: Building] INFO  o.a.m.s.f.DefaultMavenResourcesFiltering - Copying 1 resource from src\main\resources to target\classes
2025-06-23 23:17:33,205 [Worker-12: Building] INFO  o.a.m.s.f.DefaultMavenResourcesFiltering - Copying 18 resources from src\main\resources to target\classes
2025-06-23 23:17:33,262 [Worker-12: Building] INFO  o.a.m.s.f.DefaultMavenResourcesFiltering - skip non existing resourceDirectory C:\spring\workspace\sb01\Email\src\test\resources
2025-06-23 23:18:23,292 [Worker-12: Building] INFO  o.a.m.s.f.DefaultMavenResourcesFiltering - Copying 0 resource from src\main\resources to target\classes
2025-06-23 23:18:23,297 [Worker-12: Building] INFO  o.a.m.s.f.DefaultMavenResourcesFiltering - Copying 0 resource from src\main\resources to target\classes
2025-06-23 23:18:23,301 [Worker-12: Building] INFO  o.a.m.s.f.DefaultMavenResourcesFiltering - skip non existing resourceDirectory C:\spring\workspace\sb01\Email\src\test\resources
2025-06-23 23:18:32,113 [Worker-7: Building] INFO  o.a.m.s.f.DefaultMavenResourcesFiltering - Copying 0 resource from src\main\resources to target\classes
2025-06-23 23:18:32,116 [Worker-7: Building] INFO  o.a.m.s.f.DefaultMavenResourcesFiltering - Copying 0 resource from src\main\resources to target\classes
2025-06-23 23:18:32,119 [Worker-7: Building] INFO  o.a.m.s.f.DefaultMavenResourcesFiltering - skip non existing resourceDirectory C:\spring\workspace\sb01\Email\src\test\resources
2025-06-24 11:50:16,743 [Worker-4: Loading available Gradle versions] INFO  o.e.b.c.i.u.g.PublishedGradleVersions - Gradle version information cache is up-to-date. Trying to read.
2025-06-26 21:48:43,707 [Worker-7: Loading available Gradle versions] INFO  o.e.b.c.i.u.g.PublishedGradleVersions - Gradle version information cache is out-of-date. Trying to update.
